JSCompiler_StaticMethods__peek_at:ej
JSCompiler_StaticMethods__run:$i
JSCompiler_StaticMethods__set_opts:fj
JSCompiler_StaticMethods_add_after_render:Ii
JSCompiler_StaticMethods_assoc_BANG_:bg
JSCompiler_StaticMethods_cljs$core$ITransientVector$_assoc_n_BANG_$arity$3:nf
JSCompiler_StaticMethods_flush_after_render:Gi
JSCompiler_StaticMethods_forceChunk:rg
JSCompiler_StaticMethods_schedule:Hi
JSCompiler_StaticMethods_sval:Xd
JSCompiler_prototypeAlias:g
L 0:a
L 1:b
L 10:n
L 11:p
L 12:v
L 13:w
L 14:C
L 15:H
L 16:Q
L 17:aa
L 18:ja
L 19:ta
L 2:c
L 20:Ea
L 21:$a
L 22:va
L 23:r
L 24:y
L 25:B
L 26:D
L 27:F
L 28:G
L 29:K
L 3:d
L 30:M
L 31:P
L 32:S
L 33:V
L 34:Y
L 35:ca
L 36:fa
L 37:na
L 38:sa
L 39:xa
L 4:e
L 40:Ga
L 41:Ya
L 42:rb
L 43:kc
L 44:ke
L 5:f
L 6:h
L 7:k
L 8:l
L 9:m
cljs:za
cljs$core:Aa
cljs$core$ArrayChunk:Zd
cljs$core$ArrayNode:Mf
cljs$core$ArrayNodeIterator:Qf
cljs$core$ArrayNodeSeq:Xf
cljs$core$Atom:ze
cljs$core$BitmapIndexedNode:If
cljs$core$BitmapIndexedNode$EMPTY:Lf
cljs$core$Box:Bf
cljs$core$ChunkBuffer:Yd
cljs$core$ChunkedCons:$d
cljs$core$ChunkedSeq:jf
cljs$core$Cons:Rd
cljs$core$ES6EntriesIterator:rf
cljs$core$ES6Iterator:Fc
cljs$core$ES6IteratorSeq:Hc
cljs$core$ES6SetEntriesIterator:sf
cljs$core$EmptyList:Pd
cljs$core$Fn:Za
cljs$core$HashCollisionNode:Uf
cljs$core$HashMapIter:Zf
cljs$core$HashSetIter:jg
cljs$core$ICollection:fb
cljs$core$ICounted:bb
cljs$core$IEmptyableCollection:db
cljs$core$IEncodeJS:Ng
cljs$core$IFn:ab
cljs$core$IIndexed:hb
cljs$core$IIndexed$_nth$dyn_8266:jb
cljs$core$IIterable:jc
cljs$core$IKVReduce:Jb
cljs$core$IList:Qb
cljs$core$ILookup:nb
cljs$core$ILookup$_lookup$dyn_8272:pb
cljs$core$IMap:tb
cljs$core$IMeta:Db
cljs$core$INext:mb
cljs$core$IPrintWithWriter:Vb
cljs$core$IRecord:Rb
cljs$core$IReduce:Gb
cljs$core$IReduce$_reduce$dyn_8308:Ib
cljs$core$IReversible:Sb
cljs$core$ISeq:kb
cljs$core$ISeqable:Nb
cljs$core$ISequential:Pb
cljs$core$ISet:xb
cljs$core$ISwap$_swap_BANG_$dyn_8361:ic
cljs$core$ITER_SYMBOL:Sa
cljs$core$IVector:Bb
cljs$core$IndexedSeq:O
cljs$core$IndexedSeqIterator:Yc
cljs$core$KeySeq:dg
cljs$core$Keyword:J
cljs$core$LazySeq:Wd
cljs$core$List:hd
cljs$core$List$EMPTY:Dc
cljs$core$MapEntry:Xe
cljs$core$MetaFn:od
cljs$core$NeverEquiv:of
cljs$core$NodeIterator:Hf
cljs$core$NodeSeq:Vf
cljs$core$PROTOCOL_SENTINEL:t
cljs$core$PersistentArrayMap:Ja
cljs$core$PersistentArrayMap$EMPTY:ue
cljs$core$PersistentArrayMap$HASHMAP_THRESHOLD:yf
cljs$core$PersistentArrayMapIterator:uf
cljs$core$PersistentArrayMapSeq:tf
cljs$core$PersistentHashMap:$f
cljs$core$PersistentHashMap$EMPTY:zf
cljs$core$PersistentHashSet:kg
cljs$core$PersistentHashSet$EMPTY:mg
cljs$core$PersistentVector:Z
cljs$core$PersistentVector$EMPTY:gd
cljs$core$PersistentVector$EMPTY_NODE:se
cljs$core$PersistentVector$fromArray:cf
cljs$core$RSeq:Zc
cljs$core$Range:qg
cljs$core$RangeChunk:og
cljs$core$RangeIterator:pg
cljs$core$RangedIterator:Ue
cljs$core$Reduced:Nc
cljs$core$StringBufferWriter:mc
cljs$core$Symbol:yc
cljs$core$TransientArrayMap:xf
cljs$core$TransientHashMap:ag
cljs$core$TransientHashSet:lg
cljs$core$TransientVector:Ye
cljs$core$ValSeq:eg
cljs$core$VectorNode:Ke
cljs$core$_EQ_:Ec
cljs$core$_PLUS_:Md
cljs$core$_STAR_eval_STAR_:Tg
cljs$core$_STAR_loaded_libs_STAR_:Ha
cljs$core$_STAR_print_err_fn_STAR_:Da
cljs$core$_STAR_print_fn_STAR_:Ca
cljs$core$_STAR_print_level_STAR_:Fa
cljs$core$_add_watch:Xb
cljs$core$_as_transient:$b
cljs$core$_assoc:qb
cljs$core$_assoc_BANG_:cc
cljs$core$_chunked_first:ec
cljs$core$_chunked_rest:fc
cljs$core$_clj__GT_js:Og
cljs$core$_conj:gb
cljs$core$_conj_BANG_:ac
cljs$core$_count:cb
cljs$core$_deref:Cb
cljs$core$_disjoin:yb
cljs$core$_dissoc:ub
cljs$core$_drop_first:dc
cljs$core$_empty:eb
cljs$core$_equiv:Lb
cljs$core$_find:sb
cljs$core$_first:E
cljs$core$_hash:Mb
cljs$core$_indexOf$cljs$0core$0IFn$0_invoke$0arity$03:U
cljs$core$_iterator:lc
cljs$core$_key:vb
cljs$core$_kv_reduce:Kb
cljs$core$_lastIndexOf$cljs$0core$0IFn$0_invoke$0arity$03:X
cljs$core$_lookup:ob
cljs$core$_meta:Eb
cljs$core$_nth:ib
cljs$core$_peek:zb
cljs$core$_persistent_BANG_:bc
cljs$core$_pop:Ab
cljs$core$_pr_writer:Wb
cljs$core$_reduce:Hb
cljs$core$_remove_watch:Zb
cljs$core$_reset_BANG_:gc
cljs$core$_rest:lb
cljs$core$_rseq:Tb
cljs$core$_seq:Ob
cljs$core$_swap_BANG_:hc
cljs$core$_val:wb
cljs$core$_with_meta:Fb
cljs$core$_write:Ub
cljs$core$aclone:Ta
cljs$core$apply:pd
cljs$core$apply$cljs$0core$0IFn$0_invoke$0arity$02:ne
cljs$core$apply$cljs$0core$0IFn$0_invoke$0arity$03:oe
cljs$core$apply$cljs$0core$0IFn$0_invoke$0arity$05:pe
cljs$core$apply$cljs$0core$0IFn$0_invoke$0arity$0variadic:qe
cljs$core$apply_to:ge
cljs$core$apply_to_simple$cljs$0core$0IFn$0_invoke$0arity$03:ie
cljs$core$apply_to_simple$cljs$0core$0IFn$0_invoke$0arity$04:je
cljs$core$apply_to_simple$cljs$0core$0IFn$0_invoke$0arity$05:le
cljs$core$apply_to_simple$cljs$0core$0IFn$0_invoke$0arity$06:me
cljs$core$array_QMARK_:Qa
cljs$core$array__GT_transient_hash_map:Af
cljs$core$array_copy:Bd
cljs$core$array_for:Re
cljs$core$array_index_of:ld
cljs$core$array_reduce$cljs$0core$0IFn$0_invoke$0arity$02:Rc
cljs$core$array_reduce$cljs$0core$0IFn$0_invoke$0arity$03:Sc
cljs$core$array_reduce$cljs$0core$0IFn$0_invoke$0arity$04:Tc
cljs$core$assoc:kd
cljs$core$async:fk
cljs$core$async$impl:hk
cljs$core$async$impl$buffers:ik
cljs$core$async$impl$buffers$NO_VAL:jk
cljs$core$async$t_cljs$0core$0async10872:gk
cljs$core$bit_count:Od
cljs$core$boolean$0:Dd
cljs$core$bounded_count:ce
cljs$core$char_escapes:xg
cljs$core$chunk_append:be
cljs$core$chunk_cons:ae
cljs$core$chunked_seq:bf
cljs$core$chunked_seq$cljs$0core$0IFn$0_invoke$0arity$04:af
cljs$core$chunked_seq$cljs$0core$0IFn$0_invoke$0arity$05:kf
cljs$core$chunked_seq_QMARK_:Ad
cljs$core$ci_reduce$cljs$0core$0IFn$0_invoke$0arity$02:Qc
cljs$core$clj__GT_js:Qg
cljs$core$clone_and_set$cljs$0core$0IFn$0_invoke$0arity$03:Df
cljs$core$coll_QMARK_:ud
cljs$core$comp:xe
cljs$core$concat:ee
cljs$core$conj:fd
cljs$core$conj_BANG_:fe
cljs$core$cons:ad
cljs$core$contains_QMARK_:Fd
cljs$core$count:W
cljs$core$counted_QMARK_:Uc
cljs$core$create_array_node_seq:Sf
cljs$core$create_array_node_seq$cljs$0core$0IFn$0_invoke$0arity$01:Rf
cljs$core$create_array_node_seq$cljs$0core$0IFn$0_invoke$0arity$03:Yf
cljs$core$create_inode_seq:Kf
cljs$core$create_inode_seq$cljs$0core$0IFn$0_invoke$0arity$01:Jf
cljs$core$create_inode_seq$cljs$0core$0IFn$0_invoke$0arity$03:Wf
cljs$core$create_node:Of
cljs$core$create_node$cljs$0core$0IFn$0_invoke$0arity$06:Pf
cljs$core$create_node$cljs$0core$0IFn$0_invoke$0arity$07:Nf
cljs$core$deref:Pc
cljs$core$disj:sd
cljs$core$dissoc:md
cljs$core$do_assoc:Se
cljs$core$drop$cljs$0core$0IFn$0_invoke$0arity$02:De
cljs$core$drop_last$cljs$0core$0IFn$0_invoke$0arity$02:Ee
cljs$core$edit_and_set$cljs$0core$0IFn$0_invoke$0arity$04:Ff
cljs$core$empty_QMARK_:td
cljs$core$empty_ordered_hash:Jc
cljs$core$empty_unordered_hash:Lc
cljs$core$enable_console_print_BANG_:Pa
cljs$core$equiv_map:qf
cljs$core$equiv_sequential:$c
cljs$core$es6_iterator:Gc
cljs$core$es6_iterator_seq:Bc
cljs$core$every_QMARK_:ve
cljs$core$filter$cljs$0core$0IFn$0_invoke$0arity$02:Fe
cljs$core$first:R
cljs$core$flatten:He
cljs$core$fn_QMARK_:nd
cljs$core$gensym$cljs$0core$0IFn$0_invoke$0arity$01:Mg
cljs$core$gensym_counter:Lg
cljs$core$get:I
cljs$core$hash:wc
cljs$core$hash_collision_node_find_index:Tf
cljs$core$hash_combine:xc
cljs$core$hash_map:cg
cljs$core$hash_ordered_coll:Ic
cljs$core$hash_string:vc
cljs$core$hash_unordered_coll:Kc
cljs$core$identity:Kd
cljs$core$ifn_QMARK_:Ed
cljs$core$imul:oc
cljs$core$inc:Mc
cljs$core$indexed_QMARK_:Vc
cljs$core$inode_kv_reduce:Gf
cljs$core$into:Ie
cljs$core$into_array$cljs$0core$0IFn$0_invoke$0arity$02:Ua
cljs$core$iter_reduce$cljs$0core$0IFn$0_invoke$0arity$02:Gd
cljs$core$iter_reduce$cljs$0core$0IFn$0_invoke$0arity$03:Hd
cljs$core$iterable_QMARK_:Ac
cljs$core$js_symbol_QMARK_:Xa
cljs$core$keep$cljs$0core$0IFn$0_invoke$0arity$02:ye
cljs$core$key:ff
cljs$core$key__GT_js$cljs$0core$0IFn$0_invoke$0arity$02:Pg
cljs$core$key_test:Cf
cljs$core$keys:vf
cljs$core$keyword:Ud
cljs$core$keyword_identical_QMARK_:Sd
cljs$core$lift_ns:Ig
cljs$core$linear_traversal_nth$cljs$0core$0IFn$0_invoke$0arity$03:id
cljs$core$lookup_sentinel:Cd
cljs$core$m3_fmix:rc
cljs$core$m3_hash_unencoded_chars:sc
cljs$core$m3_mix_H1:qc
cljs$core$m3_mix_K1:pc
cljs$core$map:Ce
cljs$core$map_QMARK_:xd
cljs$core$map_entry_QMARK_:ef
cljs$core$merge:fg
cljs$core$meta:rd
cljs$core$missing_protocol:z
cljs$core$name:Vd
cljs$core$namespace:Td
cljs$core$native_satisfies_QMARK_:x
cljs$core$never_equiv:pf
cljs$core$new_path:Oe
cljs$core$next:T
cljs$core$next_STAR_:he
cljs$core$nil_iter:re
cljs$core$nth:Xc
cljs$core$nth$cljs$0core$0IFn$0_invoke$0arity$02:Wc
cljs$core$nth$cljs$0core$0IFn$0_invoke$0arity$03:jd
cljs$core$pop_tail:Te
cljs$core$pr_opts:Ia
cljs$core$pr_sb_with_opts:Fg
cljs$core$pr_sequential_writer:ug
cljs$core$pr_str_STAR_:nc
cljs$core$pr_str_with_opts:Gg
cljs$core$pr_writer:Bg
cljs$core$pr_writer_impl:Ag
cljs$core$prim_seq$cljs$0core$0IFn$0_invoke$0arity$02:bd
cljs$core$print_map:Cg
cljs$core$print_meta_QMARK_:zg
cljs$core$print_prefix_map:Jg
cljs$core$push_tail:Pe
cljs$core$pv_clone_node:Me
cljs$core$pv_fresh_node:Le
cljs$core$pv_reduce$cljs$0core$0IFn$0_invoke$0arity$04:Ve
cljs$core$pv_reduce$cljs$0core$0IFn$0_invoke$0arity$05:We
cljs$core$quot:Nd
cljs$core$quote_string:yg
cljs$core$range$cljs$0core$0IFn$0_invoke$0arity$03:sg
cljs$core$re_matches:tg
cljs$core$record_QMARK_:yd
cljs$core$reduce:Wa
cljs$core$reduce$cljs$0core$0IFn$0_invoke$0arity$02:Id
cljs$core$reduce$cljs$0core$0IFn$0_invoke$0arity$03:Va
cljs$core$reduce_kv:Jd
cljs$core$reduced_QMARK_:Oc
cljs$core$remove_pair:Ef
cljs$core$reset_BANG_:Ae
cljs$core$rest:Cc
cljs$core$reverse:Qd
cljs$core$select_keys:gg
cljs$core$seq:N
cljs$core$seq_reduce:dd
cljs$core$seq_reduce$cljs$0core$0IFn$0_invoke$0arity$02:cd
cljs$core$seq_reduce$cljs$0core$0IFn$0_invoke$0arity$03:ed
cljs$core$sequential_QMARK_:wd
cljs$core$set:ng
cljs$core$set_QMARK_:vd
cljs$core$some:we
cljs$core$spread:de
cljs$core$str:A
cljs$core$string_hash_cache:tc
cljs$core$string_hash_cache_count:uc
cljs$core$strip_ns:Hg
cljs$core$swap_BANG_:Be
cljs$core$symbol:zc
cljs$core$t_cljs$0core6961:Ba
cljs$core$tail_off:Ne
cljs$core$tapset:Sg
cljs$core$transduce$cljs$0core$0IFn$0_invoke$0arity$04:Ld
cljs$core$tree_seq:Ge
cljs$core$truth_:u
cljs$core$tv_editable_root:Ze
cljs$core$tv_editable_tail:$e
cljs$core$tv_ensure_editable:lf
cljs$core$tv_push_tail:mf
cljs$core$type__GT_str:Ra
cljs$core$unchecked_array_for:Qe
cljs$core$update_in:Je
cljs$core$val:gf
cljs$core$vals:wf
cljs$core$vec:df
cljs$core$vector:hf
cljs$core$vector_QMARK_:zd
cljs$core$with_meta:qd
cljs$core$write_all$cljs$0core$0IFn$0_invoke$0arity$0variadic:wg
cljs$cst$keyword$_LT__GT_:th
cljs$cst$keyword$a:Ah
cljs$cst$keyword$align_DASH_items:dh
cljs$cst$keyword$alt_DASH_impl:Dg
cljs$cst$keyword$auto_DASH_run:Yg
cljs$cst$keyword$background_DASH_color:ih
cljs$cst$keyword$border_DASH_radius:Zh
cljs$cst$keyword$childContextTypes:gh
cljs$cst$keyword$class:jh
cljs$cst$keyword$cljsLegacyRender:lh
cljs$cst$keyword$cljs_DOT_core_SLASH_not_DASH_found:ig
cljs$cst$keyword$componentWillUnmount:Fh
cljs$cst$keyword$component_DASH_did_DASH_update:wh
cljs$cst$keyword$component_DASH_will_DASH_unmount:Th
cljs$cst$keyword$constructor:fh
cljs$cst$keyword$contextType:Gh
cljs$cst$keyword$contextTypes:Oh
cljs$cst$keyword$cp1:ch
cljs$cst$keyword$cp2:ah
cljs$cst$keyword$display:rh
cljs$cst$keyword$displayName:Zg
cljs$cst$keyword$display_DASH_name:Mh
cljs$cst$keyword$div:Kh
cljs$cst$keyword$dup:Na
cljs$cst$keyword$error:Hh
cljs$cst$keyword$fallback_DASH_impl:Eg
cljs$cst$keyword$flush_DASH_on_DASH_newline:Ka
cljs$cst$keyword$getDerivedStateFromError:bh
cljs$cst$keyword$getDerivedStateFromProps:Ih
cljs$cst$keyword$getInitialState:ph
cljs$cst$keyword$height:Nh
cljs$cst$keyword$id:Rh
cljs$cst$keyword$input:hh
cljs$cst$keyword$justify_DASH_content:Uh
cljs$cst$keyword$key:zh
cljs$cst$keyword$keyword_DASH_fn:Rg
cljs$cst$keyword$line:Xg
cljs$cst$keyword$meta:Ma
cljs$cst$keyword$more_DASH_marker:vg
cljs$cst$keyword$name:nh
cljs$cst$keyword$no_DASH_cache:sh
cljs$cst$keyword$on_DASH_change:Vg
cljs$cst$keyword$on_DASH_click:kh
cljs$cst$keyword$on_DASH_dispose:$g
cljs$cst$keyword$on_DASH_set:qh
cljs$cst$keyword$on_DASH_write:yh
cljs$cst$keyword$print_DASH_length:Oa
cljs$cst$keyword$r:Eh
cljs$cst$keyword$readably:La
cljs$cst$keyword$reagentRender:mh
cljs$cst$keyword$reagent_DASH_render:xh
cljs$cst$keyword$render:Wg
cljs$cst$keyword$shouldComponentUpdate:Qh
cljs$cst$keyword$stroke:Ug
cljs$cst$keyword$stroke_DASH_width:eh
cljs$cst$keyword$style:Yh
cljs$cst$keyword$svg:Bh
cljs$cst$keyword$type:Xh
cljs$cst$keyword$val:Kg
cljs$cst$keyword$validator:Jh
cljs$cst$keyword$value:Lh
cljs$cst$keyword$warn:oh
cljs$cst$keyword$width:Sh
cljs$cst$keyword$x:Dh
cljs$cst$keyword$x1:vh
cljs$cst$keyword$x2:uh
cljs$cst$keyword$y:Ch
cljs$cst$keyword$y1:ai
cljs$cst$keyword$y2:$h
cljs$cst$symbol$blockable:Ph
cljs$cst$symbol$f:Wh
cljs$cst$symbol$meta10873:Vh
cljs$cst$symbol$meta6962:te
clojure$set$difference:Li
clojure$string$join$cljs$0core$0IFn$0_invoke$0arity$02:ji
clojure$string$replace:ii
clojure$string$replace_all:gi
clojure$string$replace_with:hi
clojure$string$split$cljs$0core$0IFn$0_invoke$0arity$03:ki
cur$jscomp$inline_1232:Ok
frac:mk
frac$core:nk
frac$core$add_cp:wk
frac$core$alpha:pk
frac$core$alpha_min:Fk
frac$core$cline:Ak
frac$core$cp:tk
frac$core$cp1:yk
frac$core$cp2:zk
frac$core$cp_from_p:uk
frac$core$draw_cline:Ck
frac$core$frac:Lk
frac$core$frac_a_cline:Dk
frac$core$fract_it:Ek
frac$core$interval:qk
frac$core$level:rk
frac$core$move_do:Ik
frac$core$p:sk
frac$core$p_from_cp:vk
frac$core$past_group_of_clines:Bk
frac$core$pi:ok
frac$core$red_alpha:Gk
frac$core$reset_everything:Jk
frac$core$root:ek
frac$core$set_min_alpha_space:Kk
frac$core$sub_cp:xk
frac$core$update_alpha_level:Hk
goog$UID_PROPERTY_:ea
goog$array$toArray:ia
goog$getUid:da
goog$global:ba
goog$labs$userAgent$platform$isIphone:kk
goog$labs$userAgent$util$matchUserAgent:wa
goog$labs$userAgent$util$userAgent_:qa
goog$object$PROTOTYPE_FIELDS_:ma
goog$object$extend:oa
goog$object$get:la
goog$object$getKeys:ka
goog$string$StringBuffer:ya
goog$string$internal$caseInsensitiveContains:pa
goog$typeOf:q
goog$uidCounter_:ha
module$node_modules$react$index:fi
module$node_modules$react_dom$index:Zj
navigator$jscomp$inline_154:ra
navigator$jscomp$inline_994:lk
opt_object$jscomp$inline_1229:Mk
part$jscomp$inline_1233:Pk
parts$jscomp$inline_1231:Nk
reagent:li
reagent$debug:vi
reagent$debug$track_console:xi
reagent$debug$warnings:wi
reagent$dom:ak
reagent$dom$render$cljs$0core$0IFn$0_invoke$0arity$03:dk
reagent$dom$render_comp:ck
reagent$dom$roots:bk
reagent$impl:mi
reagent$impl$batching:yi
reagent$impl$batching$RenderQueue:Fi
reagent$impl$batching$compare_mount_order:Ci
reagent$impl$batching$fake_raf:Ai
reagent$impl$batching$mount_count:zi
reagent$impl$batching$next_tick:Bi
reagent$impl$batching$queue_render:Ki
reagent$impl$batching$ratom_flush:Di
reagent$impl$batching$render_queue:Ji
reagent$impl$batching$run_funs:Ei
reagent$impl$component:kj
reagent$impl$component$_STAR_current_component_STAR_:lj
reagent$impl$component$as_element:oj
reagent$impl$component$built_in_static_method_names:hg
reagent$impl$component$camelify_map_keys:vj
reagent$impl$component$create_class:yj
reagent$impl$component$custom_wrapper:rj
reagent$impl$component$dash_to_method_name:uj
reagent$impl$component$get_wrapper:sj
reagent$impl$component$map_to_js:xj
reagent$impl$component$obligatory:tj
reagent$impl$component$props_argv:mj
reagent$impl$component$rat_opts:jj
reagent$impl$component$reagent_class_QMARK_:nj
reagent$impl$component$static_fns:qj
reagent$impl$component$wrap_funs:wj
reagent$impl$component$wrap_render:pj
reagent$impl$template:zj
reagent$impl$template$HiccupTag:Rj
reagent$impl$template$as_element:Wj
reagent$impl$template$cache_get:Cj
reagent$impl$template$convert_custom_prop_value:Hj
reagent$impl$template$convert_prop_value:Ej
reagent$impl$template$custom_kv_conv:Gj
reagent$impl$template$custom_prop_name_cache:Fj
reagent$impl$template$expand_seq:Yj
reagent$impl$template$find_dom_node:Ij
reagent$impl$template$get_key:Sj
reagent$impl$template$input_component_set_value:Lj
reagent$impl$template$input_handle_change:Mj
reagent$impl$template$input_node_set_value:Kj
reagent$impl$template$input_render_setup:Nj
reagent$impl$template$input_spec:Qj
reagent$impl$template$key_from_vec:Tj
reagent$impl$template$kv_conv:Dj
reagent$impl$template$make_element:Pj
reagent$impl$template$native_element:Vj
reagent$impl$template$prop_name_cache:Bj
reagent$impl$template$re_tag:Aj
reagent$impl$template$reagent_input_class:Oj
reagent$impl$template$tag_name_cache:Uj
reagent$impl$template$these_inputs_have_selection_api:Jj
reagent$impl$template$vec_to_elem:Xj
reagent$impl$util$_STAR_always_update_STAR_:ui
reagent$impl$util$capitalize:pi
reagent$impl$util$class_names:ti
reagent$impl$util$dash_to_prop_name:qi
reagent$impl$util$dont_camel_case:oi
reagent$impl$util$fun_name:ri
reagent$impl$util$is_client:ni
reagent$impl$util$named_QMARK_:si
reagent$ratom:Mi
reagent$ratom$RAtom:aj
reagent$ratom$Reaction:dj
reagent$ratom$_STAR_ratom_context_STAR_:Ni
reagent$ratom$_running:Qi
reagent$ratom$add_w:Ui
reagent$ratom$atom:bj
reagent$ratom$check_watches:Ti
reagent$ratom$debug:Oi
reagent$ratom$deref_capture:Ri
reagent$ratom$dispose_BANG_:cj
reagent$ratom$flush_BANG_:Zi
reagent$ratom$generation:Pi
reagent$ratom$handle_reaction_change:Yb
reagent$ratom$make_reaction:gj
reagent$ratom$notify_deref_watcher_BANG_:Si
reagent$ratom$notify_w:Wi
reagent$ratom$pr_atom:Xi
reagent$ratom$rea_queue:Yi
reagent$ratom$remove_w:Vi
reagent$ratom$run_in_reaction:ij
reagent$ratom$temp_reaction:hj
shadow$js$files:bi
shadow$js$jsRequire:ei
shadow$js$nativeRequires:ci
shadow$js$requireStack:di
userAgent$jscomp$inline_155:ua
