__hash:o
_hash:Va
_meta:qa
_rest:Db
afn:g
afterRender:qb
arr:c
auto_run:ra
beforeFlush:ic
bitmap:G
blockable:jc
buf:Eb
buffer_:Qa
caught:Fb
chunk:Z
chunk_next:rb
ci:sb
cljs$core$Fn$:kc
cljs$core$IAssociative$:Hc
cljs$core$IAssociative$_assoc$arity$3:Ma
cljs$core$IChunk$_drop_first$arity$1:Gb
cljs$core$IChunkedNext$_chunked_next$arity$1:Hb
cljs$core$IChunkedSeq$:Ic
cljs$core$IChunkedSeq$_chunked_first$arity$1:tb
cljs$core$IChunkedSeq$_chunked_rest$arity$1:Wa
cljs$core$ICollection$:Jc
cljs$core$ICollection$_conj$arity$2:U
cljs$core$ICounted$:lc
cljs$core$ICounted$_count$arity$1:H
cljs$core$IDeref$_deref$arity$1:Xa
cljs$core$IEditableCollection$:mc
cljs$core$IEditableCollection$_as_transient$arity$1:Ya
cljs$core$IEmptyableCollection$:nc
cljs$core$IEmptyableCollection$_empty$arity$1:S
cljs$core$IEncodeJS$:oc
cljs$core$IEncodeJS$_clj__GT_js$arity$1:pc
cljs$core$IEquiv$_equiv$arity$2:I
cljs$core$IFind$_find$arity$2:eb
cljs$core$IFn$:Kc
cljs$core$IFn$_invoke$arity$0:m
cljs$core$IFn$_invoke$arity$1:a
cljs$core$IFn$_invoke$arity$10:ua
cljs$core$IFn$_invoke$arity$11:va
cljs$core$IFn$_invoke$arity$12:wa
cljs$core$IFn$_invoke$arity$13:xa
cljs$core$IFn$_invoke$arity$14:ya
cljs$core$IFn$_invoke$arity$15:za
cljs$core$IFn$_invoke$arity$16:Aa
cljs$core$IFn$_invoke$arity$17:Ba
cljs$core$IFn$_invoke$arity$18:Ca
cljs$core$IFn$_invoke$arity$19:Da
cljs$core$IFn$_invoke$arity$2:b
cljs$core$IFn$_invoke$arity$20:Ea
cljs$core$IFn$_invoke$arity$21:qc
cljs$core$IFn$_invoke$arity$22:ub
cljs$core$IFn$_invoke$arity$3:f
cljs$core$IFn$_invoke$arity$4:u
cljs$core$IFn$_invoke$arity$5:V
cljs$core$IFn$_invoke$arity$6:ia
cljs$core$IFn$_invoke$arity$7:Fa
cljs$core$IFn$_invoke$arity$8:Ga
cljs$core$IFn$_invoke$arity$9:Ha
cljs$core$IFn$_invoke$arity$variadic:l
cljs$core$IHash$:Lc
cljs$core$IHash$_hash$arity$1:K
cljs$core$IIndexed$:Wb
cljs$core$IIndexed$_nth$arity$2:D
cljs$core$IIndexed$_nth$arity$3:$
cljs$core$IIterable$:Mc
cljs$core$IIterable$_iterator$arity$1:ja
cljs$core$IKVReduce$:Nc
cljs$core$IKVReduce$_kv_reduce$arity$3:vb
cljs$core$IList$:Oc
cljs$core$ILookup$:rc
cljs$core$ILookup$_lookup$arity$2:M
cljs$core$ILookup$_lookup$arity$3:A
cljs$core$IMap$:Pc
cljs$core$IMap$_dissoc$arity$2:Ib
cljs$core$IMapEntry$:Qc
cljs$core$IMapEntry$_key$arity$1:sc
cljs$core$IMapEntry$_val$arity$1:tc
cljs$core$IMeta$:uc
cljs$core$IMeta$_meta$arity$1:N
cljs$core$INamed$:Xb
cljs$core$INext$:fb
cljs$core$INext$_next$arity$1:W
cljs$core$IPrintWithWriter$:T
cljs$core$IPrintWithWriter$_pr_writer$arity$3:J
cljs$core$IRecord$:Rc
cljs$core$IReduce$:vc
cljs$core$IReduce$_reduce$arity$2:aa
cljs$core$IReduce$_reduce$arity$3:ba
cljs$core$IReset$_reset_BANG_$arity$2:ka
cljs$core$IReversible$:Sc
cljs$core$IReversible$_rseq$arity$1:wb
cljs$core$ISeq$:sa
cljs$core$ISeq$_first$arity$1:X
cljs$core$ISeq$_rest$arity$1:ca
cljs$core$ISeqable$:wc
cljs$core$ISeqable$_seq$arity$1:O
cljs$core$ISequential$:Yb
cljs$core$ISet$:Tc
cljs$core$ISet$_disjoin$arity$2:Zb
cljs$core$IStack$_peek$arity$1:gb
cljs$core$IStack$_pop$arity$1:hb
cljs$core$ISwap$_swap_BANG_$arity$2:Jb
cljs$core$ISwap$_swap_BANG_$arity$3:Kb
cljs$core$ISwap$_swap_BANG_$arity$4:Lb
cljs$core$ISwap$_swap_BANG_$arity$5:Mb
cljs$core$ITransientAssociative$_assoc_BANG_$arity$3:Za
cljs$core$ITransientCollection$_conj_BANG_$arity$2:$a
cljs$core$ITransientCollection$_persistent_BANG_$arity$1:ib
cljs$core$IVector$:Uc
cljs$core$IVector$_assoc_n$arity$3:Nb
cljs$core$IWatchable$_add_watch$arity$3:xb
cljs$core$IWatchable$_notify_watches$arity$3:Ob
cljs$core$IWatchable$_remove_watch$arity$2:yb
cljs$core$IWithMeta$_with_meta$arity$2:R
cljs$core$IWriter$_write$arity$2:$b
cljs$lang$applyTo:v
cljs$lang$ctorPrWriter:Pb
cljs$lang$ctorStr:ab
cljs$lang$maxFixedArity:w
cljs$lang$protocol_mask$partition$:ac
cljs$lang$protocol_mask$partition0$:h
cljs$lang$protocol_mask$partition1$:s
cljs$lang$type:zb
cljsDOMValue:Ab
cljsInputDirty:bc
cljsInputLive:Qb
cljsLegacyRender:xc
cljsMountOrder:cc
cljsReactClass:dc
cljsRenderedValue:yc
cljsState:zc
cnt:i
collision_hash:Ia
componentQueue:Bb
custom:Ac
dirty_QMARK_:Na
edit:F
editable_QMARK_:bb
ensure_editable:Ra
f:Oa
fn:jb
fqn:ta
getBasis:Bc
hasNext:da
has_nil_QMARK_:ga
hash_map:Ja
i:j
inode_assoc:la
inode_assoc_BANG_:ma
inode_find:kb
inode_lookup:Sa
inode_seq:lb
inode_without:mb
iter:cb
kv_reduce:nb
len:Ta
meta10873:Cc
meta6962:Dc
more:na
mseq:C
next_entry:ob
next_iter:oa
nil_val:ea
nocache_QMARK_:ec
nodes:pa
ns:pb
off:Y
on_dispose:fc
on_dispose_arr:Vc
on_set:Ec
reagent$ratom$IDisposable$dispose_BANG_$arity$1:Rb
reagentRender:Sb
rest:Ka
root_iter:hc
s:B
sb:Fc
scheduled_QMARK_:Cb
seen:Tb
str:Pa
transient_map:La
unicode:Wc
v:Gc
val:P
validator:Ub
vec:ha
watches:fa
watchesArr:Vb
watching:Ua
